// Jest Snapshot v1, https://goo.gl/fbAQLP

exports[`Pruebas en <GifItem/> Debe de hacer la prueba del snapshot 1`] = `
<div>
  <div
    class="card"
  >
    <img
      alt="Link de google"
      src="https://www.google.es/"
    />
    <p>
       
      Link de google
       
    </p>
  </div>
</div>
`;
