// Jest Snapshot v1, https://goo.gl/fbAQLP

exports[`Pruebas en <FirstApp/> Debe de hacer la prueba con el snapshot 1`] = `
<div>
  <h1
    data-testid="test-title"
  >
    Hola, soy Erick
  </h1>
  <p>
    Hola soy un subtitulo
  </p>
  <p>
    Hola soy un subtitulo
  </p>
  <p>
    Hola soy un subtitulo
  </p>
  <p />
</div>
`;
