// Jest Snapshot v1, https://goo.gl/fbAQLP

exports[`Pruebas en el <GifExpertApp/> Hacer un snapshot del componente 1`] = `
<div>
  <h1>
    GiftExpertApp
  </h1>
  <form
    aria-label="form"
  >
    <input
      placeholder="Buscar gifts"
      type="text"
      value=""
    />
  </form>
  <h3>
    Demon Slayer
  </h3>
  <h2>
    Cargando...
  </h2>
  <div
    class="card-grid"
  />
</div>
`;
